                         Chronologic VCS (TM)
       Version O-2018.09-SP2_Full64 -- Tue Apr 28 14:45:49 2026
               Copyright (c) 1991-2018 by Synopsys Inc.
                         ALL RIGHTS RESERVED

This program is proprietary and confidential information of Synopsys Inc.
and may be used and disclosed only as authorized in a license agreement
controlling such use and disclosure.


Warning-[LCA_FEATURES_ENABLED] Usage warning
  LCA features enabled by '-lca' argument on the command line.  For more 
  information regarding list of LCA features please refer to Chapter "LCA 
  features" in the VCS/VCS-MX Release Notes

Parsing design file '/home/ICer/first/code/prediction_unit_bounded_stub.v'
Parsing included file '/home/ICer/first/code/config/prediction_params.vh'.
Back to file '/home/ICer/first/code/prediction_unit_bounded_stub.v'.
Parsing included file '/home/ICer/first/code/config/interface_params.vh'.
Back to file '/home/ICer/first/code/prediction_unit_bounded_stub.v'.
Parsing design file '/home/ICer/first/code/compute_module_bounded_stub.v'
Parsing included file '/home/ICer/first/code/config/memory_params.vh'.
Back to file '/home/ICer/first/code/compute_module_bounded_stub.v'.
Parsing design file '/home/ICer/first/code/commit_writeback_bounded_shim.v'
Parsing design file '/home/ICer/first/code/comparator.v'
Parsing design file '/home/ICer/first/code/tree_analyze.v'
Parsing design file '/home/ICer/first/code/agu.v'
Parsing design file '/home/ICer/first/code/prefetch_queue.v'
Parsing design file '/home/ICer/first/code/free_list.v'
Parsing design file '/home/ICer/first/code/bank_state_table.v'
Parsing design file '/home/ICer/first/code/token_register.v'
Parsing design file '/home/ICer/first/code/request_controller.v'
Parsing design file '/home/ICer/first/code/sram_subsystem.v'
Parsing design file '/home/ICer/first/code/sram_bank.v'
Parsing design file '/home/ICer/first/code/sram_subbank.v'
Parsing design file '/home/ICer/first/code/control_chip.v'
Parsing design file '/home/ICer/first/code/tb/tb_control_chip_second_flush_reclosure.v'
Top Level Modules:
       tb_control_chip_second_flush_reclosure
TimeScale is 1 ns / 1 ps
Notice: Ports coerced to inout, use -notice for details
Starting vcs inline pass...

7 modules and 0 UDP read.
recompiling module tree_analyze
recompiling module prefetch_queue
recompiling module bank_state_table
recompiling module request_controller
recompiling module sram_subsystem
recompiling module sram_subbank
recompiling module tb_control_chip_second_flush_reclosure
All of 7 modules done
rm -f _csrc*.so pre_vcsobj_*.so share_vcsobj_*.so
if [ -x /tmp/codex_vcs_work/run_046_vcs_control_chip_third_flush_reclosure/tb_control_chip_second_flush_reclosure/tb_control_chip_second_flush_reclosure.simv ]; then chmod -x /tmp/codex_vcs_work/run_046_vcs_control_chip_third_flush_reclosure/tb_control_chip_second_flush_reclosure/tb_control_chip_second_flush_reclosure.simv; fi
g++  -o /tmp/codex_vcs_work/run_046_vcs_control_chip_third_flush_reclosure/tb_control_chip_second_flush_reclosure/tb_control_chip_second_flush_reclosure.simv    -Wl,-rpath-link=./ -Wl,-rpath='$ORIGIN'/tb_control_chip_second_flush_reclosure.simv.daidir/ -Wl,-rpath=./tb_control_chip_second_flush_reclosure.simv.daidir/ -Wl,-rpath='$ORIGIN'/tb_control_chip_second_flush_reclosure.simv.daidir//scsim.db.dir  -rdynamic  -Wl,-rpath=/home/synopsys/vcs/O-2018.09-SP2/linux64/lib -L/home/synopsys/vcs/O-2018.09-SP2/linux64/lib   objs/amcQw_d.o   _18599_archive_1.so  SIM_l.o       rmapats_mop.o rmapats.o rmar.o rmar_nd.o  rmar_llvm_0_1.o rmar_llvm_0_0.o          -lzerosoft_rt_stubs -lvirsim -lerrorinf -lsnpsmalloc -lvfs    -lvcsnew -lsimprofile -luclinative /home/synopsys/vcs/O-2018.09-SP2/linux64/lib/vcs_tls.o   -Wl,-whole-archive -lvcsucli -Wl,-no-whole-archive          /home/synopsys/vcs/O-2018.09-SP2/linux64/lib/vcs_save_restore_new.o -ldl  -lc -lm -lpthread -ldl 
/tmp/codex_vcs_work/run_046_vcs_control_chip_third_flush_reclosure/tb_control_chip_second_flush_reclosure/tb_control_chip_second_flush_reclosure.simv up to date
CPU time: 2.985 seconds to compile + .809 seconds to elab + .149 seconds to link
Verdi KDB elaboration done and the database successfully generated: 0 error(s), 0 warning(s)
