                         Chronologic VCS (TM)
       Version O-2018.09-SP2_Full64 -- Wed May 27 15:09:17 2026
               Copyright (c) 1991-2018 by Synopsys Inc.
                         ALL RIGHTS RESERVED

This program is proprietary and confidential information of Synopsys Inc.
and may be used and disclosed only as authorized in a license agreement
controlling such use and disclosure.

Parsing design file 'rtl/transformer/floatMult16.v'
Parsing design file 'rtl/transformer/floatAdd16.v'
Parsing design file 'rtl/pe_operators/pe_rmsnorm_compute.v'
Parsing included file 'rtl/config/interface_params.vh'.
Parsing included file 'rtl/config/prediction_params.vh'.
Back to file 'rtl/config/interface_params.vh'.
Back to file 'rtl/pe_operators/pe_rmsnorm_compute.v'.
Parsing included file 'rtl/config/model_params.vh'.
Back to file 'rtl/pe_operators/pe_rmsnorm_compute.v'.
Parsing design file 'rtl/pe_operators/pe_silu_mul_compute.v'
Parsing included file 'rtl/config/interface_params.vh'.
Back to file 'rtl/pe_operators/pe_silu_mul_compute.v'.
Parsing included file 'rtl/config/model_params.vh'.
Back to file 'rtl/pe_operators/pe_silu_mul_compute.v'.
Parsing design file 'rtl/pe_operators/pe_residual_add_compute.v'
Parsing included file 'rtl/config/interface_params.vh'.
Back to file 'rtl/pe_operators/pe_residual_add_compute.v'.
Parsing included file 'rtl/config/model_params.vh'.
Back to file 'rtl/pe_operators/pe_residual_add_compute.v'.
Parsing design file 'rtl/pe_operators/pe_attn_compute.v'
Parsing included file 'rtl/config/interface_params.vh'.
Back to file 'rtl/pe_operators/pe_attn_compute.v'.
Parsing included file 'rtl/config/model_params.vh'.
Back to file 'rtl/pe_operators/pe_attn_compute.v'.
Parsing design file 'rtl/tree_control/pe_mac_unit.v'
Parsing design file 'rtl/tree_control/pe_mac_unit_wide.v'
Parsing design file 'rtl/tree_control/PeArrayComputeOverlay.v'
Parsing included file 'rtl/config/prediction_params.vh'.
Back to file 'rtl/tree_control/PeArrayComputeOverlay.v'.
Parsing included file 'rtl/config/interface_params.vh'.
Back to file 'rtl/tree_control/PeArrayComputeOverlay.v'.
Parsing included file 'rtl/config/memory_params.vh'.
Back to file 'rtl/tree_control/PeArrayComputeOverlay.v'.
Parsing included file 'rtl/config/model_params.vh'.
Back to file 'rtl/tree_control/PeArrayComputeOverlay.v'.
Parsing design file 'rtl/tree_control/PeArrayNonlinearUnit.v'
Parsing included file 'rtl/config/interface_params.vh'.
Back to file 'rtl/tree_control/PeArrayNonlinearUnit.v'.
Parsing included file 'rtl/config/model_params.vh'.
Back to file 'rtl/tree_control/PeArrayNonlinearUnit.v'.
Parsing included file 'rtl/config/memory_params.vh'.
Back to file 'rtl/tree_control/PeArrayNonlinearUnit.v'.
Parsing design file 'rtl/tree_control/PeArrayLayerController.v'
Parsing included file 'rtl/config/prediction_params.vh'.
Back to file 'rtl/tree_control/PeArrayLayerController.v'.
Parsing included file 'rtl/config/interface_params.vh'.
Back to file 'rtl/tree_control/PeArrayLayerController.v'.
Parsing included file 'rtl/config/memory_params.vh'.
Back to file 'rtl/tree_control/PeArrayLayerController.v'.
Parsing included file 'rtl/config/model_params.vh'.
Back to file 'rtl/tree_control/PeArrayLayerController.v'.
Parsing design file 'rtl/tree_control/HHTContextPredictor.v'
Parsing included file 'rtl/config/interface_params.vh'.
Back to file 'rtl/tree_control/HHTContextPredictor.v'.
Parsing design file 'rtl/tree_control/request_controller.v'
Parsing included file 'rtl/config/prediction_params.vh'.
Back to file 'rtl/tree_control/request_controller.v'.
Parsing included file 'rtl/config/interface_params.vh'.
Back to file 'rtl/tree_control/request_controller.v'.
Parsing included file 'rtl/config/memory_params.vh'.
Back to file 'rtl/tree_control/request_controller.v'.
Parsing design file 'rtl/tree_control/multicast_network.v'
Parsing included file 'rtl/config/interface_params.vh'.
Back to file 'rtl/tree_control/multicast_network.v'.
Parsing included file 'rtl/config/memory_params.vh'.
Back to file 'rtl/tree_control/multicast_network.v'.
Parsing design file 'rtl/tree_control/issue_bundle_adapter.v'
Parsing included file 'rtl/config/prediction_params.vh'.
Back to file 'rtl/tree_control/issue_bundle_adapter.v'.
Parsing included file 'rtl/config/interface_params.vh'.
Back to file 'rtl/tree_control/issue_bundle_adapter.v'.
Parsing included file 'rtl/config/memory_params.vh'.
Back to file 'rtl/tree_control/issue_bundle_adapter.v'.
Parsing included file 'rtl/config/model_params.vh'.
Back to file 'rtl/tree_control/issue_bundle_adapter.v'.
Parsing design file 'rtl/tree_control/branch_parallel_controller.sv'
Parsing included file 'rtl/config/interface_params.vh'.
Back to file 'rtl/tree_control/branch_parallel_controller.sv'.
Parsing included file 'rtl/config/prediction_params.vh'.
Back to file 'rtl/tree_control/branch_parallel_controller.sv'.
Parsing included file 'rtl/config/model_params.vh'.
Back to file 'rtl/tree_control/branch_parallel_controller.sv'.
Parsing included file 'rtl/config/memory_params.vh'.
Back to file 'rtl/tree_control/branch_parallel_controller.sv'.
Parsing design file 'rtl/tree_control/draft_injection_interface.sv'
Parsing included file 'rtl/config/interface_params.vh'.
Back to file 'rtl/tree_control/draft_injection_interface.sv'.
Parsing included file 'rtl/config/prediction_params.vh'.
Back to file 'rtl/tree_control/draft_injection_interface.sv'.
Parsing design file 'rtl/tree_control/longest_path_comparator.sv'
Parsing included file 'rtl/config/interface_params.vh'.
Back to file 'rtl/tree_control/longest_path_comparator.sv'.
Parsing included file 'rtl/config/prediction_params.vh'.
Back to file 'rtl/tree_control/longest_path_comparator.sv'.
Parsing design file 'rtl/tree_control/kv_share_scheduler.sv'
Parsing included file 'rtl/config/interface_params.vh'.
Back to file 'rtl/tree_control/kv_share_scheduler.sv'.
Parsing included file 'rtl/config/prediction_params.vh'.
Back to file 'rtl/tree_control/kv_share_scheduler.sv'.
Parsing included file 'rtl/config/model_params.vh'.
Back to file 'rtl/tree_control/kv_share_scheduler.sv'.
Parsing included file 'rtl/config/memory_params.vh'.
Back to file 'rtl/tree_control/kv_share_scheduler.sv'.
Parsing design file 'rtl/tree_control/tree_to_native_bridge.sv'
Parsing included file 'rtl/config/interface_params.vh'.
Back to file 'rtl/tree_control/tree_to_native_bridge.sv'.
Parsing included file 'rtl/config/prediction_params.vh'.
Back to file 'rtl/tree_control/tree_to_native_bridge.sv'.
Parsing included file 'rtl/config/model_params.vh'.
Back to file 'rtl/tree_control/tree_to_native_bridge.sv'.
Parsing included file 'rtl/config/memory_params.vh'.
Back to file 'rtl/tree_control/tree_to_native_bridge.sv'.
Parsing design file 'rtl/tree_control/StrictTreeMaskPaperPath.v'
Parsing included file 'rtl/config/prediction_params.vh'.
Back to file 'rtl/tree_control/StrictTreeMaskPaperPath.v'.
Parsing included file 'rtl/config/interface_params.vh'.
Back to file 'rtl/tree_control/StrictTreeMaskPaperPath.v'.
Parsing included file 'rtl/config/memory_params.vh'.
Back to file 'rtl/tree_control/StrictTreeMaskPaperPath.v'.
Parsing included file 'rtl/config/model_params.vh'.
Back to file 'rtl/tree_control/StrictTreeMaskPaperPath.v'.
Parsing included file 'rtl/tree_control/tree_analyze.v'.
Parsing included file 'rtl/config/prediction_params.vh'.
Back to file 'rtl/tree_control/tree_analyze.v'.
Parsing included file 'rtl/config/interface_params.vh'.
Back to file 'rtl/tree_control/tree_analyze.v'.
Back to file 'rtl/tree_control/StrictTreeMaskPaperPath.v'.
Parsing included file 'rtl/tree_control/agu.v'.
Parsing included file 'rtl/config/prediction_params.vh'.
Back to file 'rtl/tree_control/agu.v'.
Parsing included file 'rtl/config/interface_params.vh'.
Back to file 'rtl/tree_control/agu.v'.
Parsing included file 'rtl/config/memory_params.vh'.
Back to file 'rtl/tree_control/agu.v'.
Parsing included file 'rtl/config/model_params.vh'.
Back to file 'rtl/tree_control/agu.v'.
Back to file 'rtl/tree_control/StrictTreeMaskPaperPath.v'.
Parsing included file 'rtl/tree_control/prefetch_queue.v'.
Parsing included file 'rtl/config/prediction_params.vh'.
Back to file 'rtl/tree_control/prefetch_queue.v'.
Parsing included file 'rtl/config/interface_params.vh'.
Back to file 'rtl/tree_control/prefetch_queue.v'.
Parsing included file 'rtl/config/memory_params.vh'.
Back to file 'rtl/tree_control/prefetch_queue.v'.
Back to file 'rtl/tree_control/StrictTreeMaskPaperPath.v'.
Parsing included file 'rtl/tree_control/free_list.v'.
Parsing included file 'rtl/config/prediction_params.vh'.
Back to file 'rtl/tree_control/free_list.v'.
Parsing included file 'rtl/config/interface_params.vh'.
Back to file 'rtl/tree_control/free_list.v'.
Parsing included file 'rtl/config/memory_params.vh'.
Back to file 'rtl/tree_control/free_list.v'.
Back to file 'rtl/tree_control/StrictTreeMaskPaperPath.v'.
Parsing included file 'rtl/tree_control/bank_state_table.v'.
Parsing included file 'rtl/config/prediction_params.vh'.
Back to file 'rtl/tree_control/bank_state_table.v'.
Parsing included file 'rtl/config/interface_params.vh'.
Back to file 'rtl/tree_control/bank_state_table.v'.
Parsing included file 'rtl/config/memory_params.vh'.
Back to file 'rtl/tree_control/bank_state_table.v'.
Back to file 'rtl/tree_control/StrictTreeMaskPaperPath.v'.
Parsing included file 'rtl/tree_control/token_register.v'.
Parsing included file 'rtl/config/prediction_params.vh'.
Back to file 'rtl/tree_control/token_register.v'.
Parsing included file 'rtl/config/interface_params.vh'.
Back to file 'rtl/tree_control/token_register.v'.
Parsing included file 'rtl/config/memory_params.vh'.
Back to file 'rtl/tree_control/token_register.v'.
Back to file 'rtl/tree_control/StrictTreeMaskPaperPath.v'.
Parsing included file 'rtl/tree_control/comparator.v'.
Parsing included file 'rtl/config/prediction_params.vh'.
Back to file 'rtl/tree_control/comparator.v'.
Parsing included file 'rtl/config/interface_params.vh'.
Back to file 'rtl/tree_control/comparator.v'.
Back to file 'rtl/tree_control/StrictTreeMaskPaperPath.v'.
Parsing included file 'rtl/tree_control/StrictTreeMaskPaperIssueScheduler.v'.
Parsing included file 'rtl/config/prediction_params.vh'.
Back to file 'rtl/tree_control/StrictTreeMaskPaperIssueScheduler.v'.
Parsing included file 'rtl/config/interface_params.vh'.
Back to file 'rtl/tree_control/StrictTreeMaskPaperIssueScheduler.v'.
Parsing included file 'rtl/config/memory_params.vh'.
Back to file 'rtl/tree_control/StrictTreeMaskPaperIssueScheduler.v'.
Parsing included file 'rtl/config/model_params.vh'.
Back to file 'rtl/tree_control/StrictTreeMaskPaperIssueScheduler.v'.
Back to file 'rtl/tree_control/StrictTreeMaskPaperPath.v'.
Parsing design file 'rtl/transformer/speculative_decode_treecontrol_top.sv'
Parsing included file 'rtl/config/interface_params.vh'.
Back to file 'rtl/transformer/speculative_decode_treecontrol_top.sv'.
Parsing included file 'rtl/config/prediction_params.vh'.
Back to file 'rtl/transformer/speculative_decode_treecontrol_top.sv'.
Parsing included file 'rtl/config/model_params.vh'.
Back to file 'rtl/transformer/speculative_decode_treecontrol_top.sv'.
Parsing included file 'rtl/config/memory_params.vh'.
Back to file 'rtl/transformer/speculative_decode_treecontrol_top.sv'.
Parsing design file 'code_by/tree_control/tree_flatten.v'
Parsing included file 'rtl/config/interface_params.vh'.
Back to file 'code_by/tree_control/tree_flatten.v'.
Parsing included file 'rtl/config/prediction_params.vh'.
Back to file 'code_by/tree_control/tree_flatten.v'.
Parsing design file 'rtl/transformer/tree_verify_dispatcher.sv'
Parsing included file 'rtl/config/interface_params.vh'.
Back to file 'rtl/transformer/tree_verify_dispatcher.sv'.
Parsing included file 'rtl/config/prediction_params.vh'.
Back to file 'rtl/transformer/tree_verify_dispatcher.sv'.
Parsing design file 'rtl/transformer/tree_builder.sv'
Parsing included file 'rtl/config/interface_params.vh'.
Back to file 'rtl/transformer/tree_builder.sv'.
Parsing included file 'rtl/config/prediction_params.vh'.
Back to file 'rtl/transformer/tree_builder.sv'.
Parsing design file 'rtl/transformer/feedback_controller.sv'
Parsing included file 'rtl/config/interface_params.vh'.
Back to file 'rtl/transformer/feedback_controller.sv'.
Parsing included file 'rtl/config/prediction_params.vh'.
Back to file 'rtl/transformer/feedback_controller.sv'.
Parsing design file 'rtl/transformer/speculative_decode_e2e_top.sv'
Parsing included file 'rtl/config/interface_params.vh'.
Back to file 'rtl/transformer/speculative_decode_e2e_top.sv'.
Parsing included file 'rtl/config/prediction_params.vh'.
Back to file 'rtl/transformer/speculative_decode_e2e_top.sv'.
Parsing included file 'rtl/config/model_params.vh'.
Back to file 'rtl/transformer/speculative_decode_e2e_top.sv'.
Parsing included file 'rtl/config/memory_params.vh'.
Back to file 'rtl/transformer/speculative_decode_e2e_top.sv'.
Parsing design file 'tb/e2e/tb_speculative_decode_treecontrol.sv'
Parsing included file 'rtl/config/interface_params.vh'.
Back to file 'tb/e2e/tb_speculative_decode_treecontrol.sv'.
Parsing included file 'rtl/config/prediction_params.vh'.
Back to file 'tb/e2e/tb_speculative_decode_treecontrol.sv'.
Parsing included file 'rtl/config/model_params.vh'.
Back to file 'tb/e2e/tb_speculative_decode_treecontrol.sv'.
Parsing included file 'rtl/config/memory_params.vh'.
Back to file 'tb/e2e/tb_speculative_decode_treecontrol.sv'.
Top Level Modules:
       pe_mac_unit_wide
       PeArrayComputeOverlay
       PeArrayNonlinearUnit
       issue_bundle_adapter
       branch_parallel_controller
       tree_flatten
       speculative_decode_e2e_top
       tb_speculative_decode_treecontrol
TimeScale is 1 ns / 1 ps

Warning-[PCWM-W] Port connection width mismatch
rtl/tree_control/PeArrayComputeOverlay.v, 102
" pe_mac_unit #(LANES_PER_PE, MAC_DEPTH, DATA_W, ) gen_pe_mac[0].u_mac( .clk (clk),  .rst_n (rst_n),  .clear (mac_clear_w[0]),  .mac_valid (mac_valid_w[0]),  .vector_val (mac_vector_val_w[(0 * DATA_W)+:DATA_W]),  .weight_col (mac_weight_col_w[((0 * LANES_PER_PE) * DATA_W)+:(LANES_PER_PE * DATA_W)]),  .depth_cfg ({LANES_PER_PE {1'b0}}),  .result (mac_result_w[((0 * LANES_PER_PE) * DATA_W)+:(LANES_PER_PE * DATA_W)]),  .done (mac_done_w[0]));"
  The following 8-bit expression is connected to 7-bit port "depth_cfg" of 
  module "pe_mac_unit", instance "gen_pe_mac[0].u_mac".
  Expression: {LANES_PER_PE {1'b0}}
  	use +lint=PCWM for more details


Warning-[PCWM-W] Port connection width mismatch
rtl/tree_control/PeArrayComputeOverlay.v, 102
" pe_mac_unit #(LANES_PER_PE, MAC_DEPTH, DATA_W, ) gen_pe_mac[1].u_mac( .clk (clk),  .rst_n (rst_n),  .clear (mac_clear_w[1]),  .mac_valid (mac_valid_w[1]),  .vector_val (mac_vector_val_w[(1 * DATA_W)+:DATA_W]),  .weight_col (mac_weight_col_w[((1 * LANES_PER_PE) * DATA_W)+:(LANES_PER_PE * DATA_W)]),  .depth_cfg ({LANES_PER_PE {1'b0}}),  .result (mac_result_w[((1 * LANES_PER_PE) * DATA_W)+:(LANES_PER_PE * DATA_W)]),  .done (mac_done_w[1]));"
  The following 8-bit expression is connected to 7-bit port "depth_cfg" of 
  module "pe_mac_unit", instance "gen_pe_mac[1].u_mac".
  Expression: {LANES_PER_PE {1'b0}}
  	use +lint=PCWM for more details


Warning-[PCWM-W] Port connection width mismatch
rtl/tree_control/PeArrayComputeOverlay.v, 102
" pe_mac_unit #(LANES_PER_PE, MAC_DEPTH, DATA_W, ) gen_pe_mac[2].u_mac( .clk (clk),  .rst_n (rst_n),  .clear (mac_clear_w[2]),  .mac_valid (mac_valid_w[2]),  .vector_val (mac_vector_val_w[(2 * DATA_W)+:DATA_W]),  .weight_col (mac_weight_col_w[((2 * LANES_PER_PE) * DATA_W)+:(LANES_PER_PE * DATA_W)]),  .depth_cfg ({LANES_PER_PE {1'b0}}),  .result (mac_result_w[((2 * LANES_PER_PE) * DATA_W)+:(LANES_PER_PE * DATA_W)]),  .done (mac_done_w[2]));"
  The following 8-bit expression is connected to 7-bit port "depth_cfg" of 
  module "pe_mac_unit", instance "gen_pe_mac[2].u_mac".
  Expression: {LANES_PER_PE {1'b0}}
  	use +lint=PCWM for more details


Warning-[PCWM-W] Port connection width mismatch
rtl/tree_control/PeArrayComputeOverlay.v, 102
" pe_mac_unit #(LANES_PER_PE, MAC_DEPTH, DATA_W, ) gen_pe_mac[3].u_mac( .clk (clk),  .rst_n (rst_n),  .clear (mac_clear_w[3]),  .mac_valid (mac_valid_w[3]),  .vector_val (mac_vector_val_w[(3 * DATA_W)+:DATA_W]),  .weight_col (mac_weight_col_w[((3 * LANES_PER_PE) * DATA_W)+:(LANES_PER_PE * DATA_W)]),  .depth_cfg ({LANES_PER_PE {1'b0}}),  .result (mac_result_w[((3 * LANES_PER_PE) * DATA_W)+:(LANES_PER_PE * DATA_W)]),  .done (mac_done_w[3]));"
  The following 8-bit expression is connected to 7-bit port "depth_cfg" of 
  module "pe_mac_unit", instance "gen_pe_mac[3].u_mac".
  Expression: {LANES_PER_PE {1'b0}}
  	use +lint=PCWM for more details


Warning-[PCWM-W] Port connection width mismatch
rtl/tree_control/PeArrayComputeOverlay.v, 102
" pe_mac_unit #(LANES_PER_PE, MAC_DEPTH, DATA_W, ) gen_pe_mac[4].u_mac( .clk (clk),  .rst_n (rst_n),  .clear (mac_clear_w[4]),  .mac_valid (mac_valid_w[4]),  .vector_val (mac_vector_val_w[(4 * DATA_W)+:DATA_W]),  .weight_col (mac_weight_col_w[((4 * LANES_PER_PE) * DATA_W)+:(LANES_PER_PE * DATA_W)]),  .depth_cfg ({LANES_PER_PE {1'b0}}),  .result (mac_result_w[((4 * LANES_PER_PE) * DATA_W)+:(LANES_PER_PE * DATA_W)]),  .done (mac_done_w[4]));"
  The following 8-bit expression is connected to 7-bit port "depth_cfg" of 
  module "pe_mac_unit", instance "gen_pe_mac[4].u_mac".
  Expression: {LANES_PER_PE {1'b0}}
  	use +lint=PCWM for more details


Warning-[PCWM-W] Port connection width mismatch
rtl/tree_control/PeArrayComputeOverlay.v, 102
" pe_mac_unit #(LANES_PER_PE, MAC_DEPTH, DATA_W, ) gen_pe_mac[5].u_mac( .clk (clk),  .rst_n (rst_n),  .clear (mac_clear_w[5]),  .mac_valid (mac_valid_w[5]),  .vector_val (mac_vector_val_w[(5 * DATA_W)+:DATA_W]),  .weight_col (mac_weight_col_w[((5 * LANES_PER_PE) * DATA_W)+:(LANES_PER_PE * DATA_W)]),  .depth_cfg ({LANES_PER_PE {1'b0}}),  .result (mac_result_w[((5 * LANES_PER_PE) * DATA_W)+:(LANES_PER_PE * DATA_W)]),  .done (mac_done_w[5]));"
  The following 8-bit expression is connected to 7-bit port "depth_cfg" of 
  module "pe_mac_unit", instance "gen_pe_mac[5].u_mac".
  Expression: {LANES_PER_PE {1'b0}}
  	use +lint=PCWM for more details


Warning-[PCWM-W] Port connection width mismatch
rtl/tree_control/PeArrayComputeOverlay.v, 102
" pe_mac_unit #(LANES_PER_PE, MAC_DEPTH, DATA_W, ) gen_pe_mac[6].u_mac( .clk (clk),  .rst_n (rst_n),  .clear (mac_clear_w[6]),  .mac_valid (mac_valid_w[6]),  .vector_val (mac_vector_val_w[(6 * DATA_W)+:DATA_W]),  .weight_col (mac_weight_col_w[((6 * LANES_PER_PE) * DATA_W)+:(LANES_PER_PE * DATA_W)]),  .depth_cfg ({LANES_PER_PE {1'b0}}),  .result (mac_result_w[((6 * LANES_PER_PE) * DATA_W)+:(LANES_PER_PE * DATA_W)]),  .done (mac_done_w[6]));"
  The following 8-bit expression is connected to 7-bit port "depth_cfg" of 
  module "pe_mac_unit", instance "gen_pe_mac[6].u_mac".
  Expression: {LANES_PER_PE {1'b0}}
  	use +lint=PCWM for more details


Warning-[PCWM-W] Port connection width mismatch
rtl/tree_control/PeArrayComputeOverlay.v, 102
" pe_mac_unit #(LANES_PER_PE, MAC_DEPTH, DATA_W, ) gen_pe_mac[7].u_mac( .clk (clk),  .rst_n (rst_n),  .clear (mac_clear_w[7]),  .mac_valid (mac_valid_w[7]),  .vector_val (mac_vector_val_w[(7 * DATA_W)+:DATA_W]),  .weight_col (mac_weight_col_w[((7 * LANES_PER_PE) * DATA_W)+:(LANES_PER_PE * DATA_W)]),  .depth_cfg ({LANES_PER_PE {1'b0}}),  .result (mac_result_w[((7 * LANES_PER_PE) * DATA_W)+:(LANES_PER_PE * DATA_W)]),  .done (mac_done_w[7]));"
  The following 8-bit expression is connected to 7-bit port "depth_cfg" of 
  module "pe_mac_unit", instance "gen_pe_mac[7].u_mac".
  Expression: {LANES_PER_PE {1'b0}}
  	use +lint=PCWM for more details


Warning-[PCWM-W] Port connection width mismatch
rtl/tree_control/PeArrayComputeOverlay.v, 102
" pe_mac_unit #(LANES_PER_PE, MAC_DEPTH, DATA_W, ) gen_pe_mac[8].u_mac( .clk (clk),  .rst_n (rst_n),  .clear (mac_clear_w[8]),  .mac_valid (mac_valid_w[8]),  .vector_val (mac_vector_val_w[(8 * DATA_W)+:DATA_W]),  .weight_col (mac_weight_col_w[((8 * LANES_PER_PE) * DATA_W)+:(LANES_PER_PE * DATA_W)]),  .depth_cfg ({LANES_PER_PE {1'b0}}),  .result (mac_result_w[((8 * LANES_PER_PE) * DATA_W)+:(LANES_PER_PE * DATA_W)]),  .done (mac_done_w[8]));"
  The following 8-bit expression is connected to 7-bit port "depth_cfg" of 
  module "pe_mac_unit", instance "gen_pe_mac[8].u_mac".
  Expression: {LANES_PER_PE {1'b0}}
  	use +lint=PCWM for more details


Warning-[PCWM-W] Port connection width mismatch
rtl/tree_control/PeArrayComputeOverlay.v, 102
" pe_mac_unit #(LANES_PER_PE, MAC_DEPTH, DATA_W, ) gen_pe_mac[9].u_mac( .clk (clk),  .rst_n (rst_n),  .clear (mac_clear_w[9]),  .mac_valid (mac_valid_w[9]),  .vector_val (mac_vector_val_w[(9 * DATA_W)+:DATA_W]),  .weight_col (mac_weight_col_w[((9 * LANES_PER_PE) * DATA_W)+:(LANES_PER_PE * DATA_W)]),  .depth_cfg ({LANES_PER_PE {1'b0}}),  .result (mac_result_w[((9 * LANES_PER_PE) * DATA_W)+:(LANES_PER_PE * DATA_W)]),  .done (mac_done_w[9]));"
  The following 8-bit expression is connected to 7-bit port "depth_cfg" of 
  module "pe_mac_unit", instance "gen_pe_mac[9].u_mac".
  Expression: {LANES_PER_PE {1'b0}}
  	use +lint=PCWM for more details


Warning-[PCWM-W] Port connection width mismatch
rtl/tree_control/PeArrayComputeOverlay.v, 102
" pe_mac_unit #(LANES_PER_PE, MAC_DEPTH, DATA_W, ) gen_pe_mac[10].u_mac( .clk (clk),  .rst_n (rst_n),  .clear (mac_clear_w[10]),  .mac_valid (mac_valid_w[10]),  .vector_val (mac_vector_val_w[(10 * DATA_W)+:DATA_W]),  .weight_col (mac_weight_col_w[((10 * LANES_PER_PE) * DATA_W)+:(LANES_PER_PE * DATA_W)]),  .depth_cfg ({LANES_PER_PE {1'b0}}),  .result (mac_result_w[((10 * LANES_PER_PE) * DATA_W)+:(LANES_PER_PE * DATA_W)]),  .done (mac_done_w[10]));"
  The following 8-bit expression is connected to 7-bit port "depth_cfg" of 
  module "pe_mac_unit", instance "gen_pe_mac[10].u_mac".
  Expression: {LANES_PER_PE {1'b0}}
  	use +lint=PCWM for more details


Warning-[PCWM-W] Port connection width mismatch
rtl/tree_control/PeArrayComputeOverlay.v, 102
" pe_mac_unit #(LANES_PER_PE, MAC_DEPTH, DATA_W, ) gen_pe_mac[11].u_mac( .clk (clk),  .rst_n (rst_n),  .clear (mac_clear_w[11]),  .mac_valid (mac_valid_w[11]),  .vector_val (mac_vector_val_w[(11 * DATA_W)+:DATA_W]),  .weight_col (mac_weight_col_w[((11 * LANES_PER_PE) * DATA_W)+:(LANES_PER_PE * DATA_W)]),  .depth_cfg ({LANES_PER_PE {1'b0}}),  .result (mac_result_w[((11 * LANES_PER_PE) * DATA_W)+:(LANES_PER_PE * DATA_W)]),  .done (mac_done_w[11]));"
  The following 8-bit expression is connected to 7-bit port "depth_cfg" of 
  module "pe_mac_unit", instance "gen_pe_mac[11].u_mac".
  Expression: {LANES_PER_PE {1'b0}}
  	use +lint=PCWM for more details


Warning-[PCWM-W] Port connection width mismatch
rtl/tree_control/PeArrayComputeOverlay.v, 102
" pe_mac_unit #(LANES_PER_PE, MAC_DEPTH, DATA_W, ) gen_pe_mac[12].u_mac( .clk (clk),  .rst_n (rst_n),  .clear (mac_clear_w[12]),  .mac_valid (mac_valid_w[12]),  .vector_val (mac_vector_val_w[(12 * DATA_W)+:DATA_W]),  .weight_col (mac_weight_col_w[((12 * LANES_PER_PE) * DATA_W)+:(LANES_PER_PE * DATA_W)]),  .depth_cfg ({LANES_PER_PE {1'b0}}),  .result (mac_result_w[((12 * LANES_PER_PE) * DATA_W)+:(LANES_PER_PE * DATA_W)]),  .done (mac_done_w[12]));"
  The following 8-bit expression is connected to 7-bit port "depth_cfg" of 
  module "pe_mac_unit", instance "gen_pe_mac[12].u_mac".
  Expression: {LANES_PER_PE {1'b0}}
  	use +lint=PCWM for more details


Warning-[PCWM-W] Port connection width mismatch
rtl/tree_control/PeArrayComputeOverlay.v, 102
" pe_mac_unit #(LANES_PER_PE, MAC_DEPTH, DATA_W, ) gen_pe_mac[13].u_mac( .clk (clk),  .rst_n (rst_n),  .clear (mac_clear_w[13]),  .mac_valid (mac_valid_w[13]),  .vector_val (mac_vector_val_w[(13 * DATA_W)+:DATA_W]),  .weight_col (mac_weight_col_w[((13 * LANES_PER_PE) * DATA_W)+:(LANES_PER_PE * DATA_W)]),  .depth_cfg ({LANES_PER_PE {1'b0}}),  .result (mac_result_w[((13 * LANES_PER_PE) * DATA_W)+:(LANES_PER_PE * DATA_W)]),  .done (mac_done_w[13]));"
  The following 8-bit expression is connected to 7-bit port "depth_cfg" of 
  module "pe_mac_unit", instance "gen_pe_mac[13].u_mac".
  Expression: {LANES_PER_PE {1'b0}}
  	use +lint=PCWM for more details


Warning-[PCWM-W] Port connection width mismatch
rtl/tree_control/PeArrayComputeOverlay.v, 102
" pe_mac_unit #(LANES_PER_PE, MAC_DEPTH, DATA_W, ) gen_pe_mac[14].u_mac( .clk (clk),  .rst_n (rst_n),  .clear (mac_clear_w[14]),  .mac_valid (mac_valid_w[14]),  .vector_val (mac_vector_val_w[(14 * DATA_W)+:DATA_W]),  .weight_col (mac_weight_col_w[((14 * LANES_PER_PE) * DATA_W)+:(LANES_PER_PE * DATA_W)]),  .depth_cfg ({LANES_PER_PE {1'b0}}),  .result (mac_result_w[((14 * LANES_PER_PE) * DATA_W)+:(LANES_PER_PE * DATA_W)]),  .done (mac_done_w[14]));"
  The following 8-bit expression is connected to 7-bit port "depth_cfg" of 
  module "pe_mac_unit", instance "gen_pe_mac[14].u_mac".
  Expression: {LANES_PER_PE {1'b0}}
  	use +lint=PCWM for more details


Warning-[PCWM-W] Port connection width mismatch
rtl/tree_control/PeArrayComputeOverlay.v, 102
" pe_mac_unit #(LANES_PER_PE, MAC_DEPTH, DATA_W, ) gen_pe_mac[15].u_mac( .clk (clk),  .rst_n (rst_n),  .clear (mac_clear_w[15]),  .mac_valid (mac_valid_w[15]),  .vector_val (mac_vector_val_w[(15 * DATA_W)+:DATA_W]),  .weight_col (mac_weight_col_w[((15 * LANES_PER_PE) * DATA_W)+:(LANES_PER_PE * DATA_W)]),  .depth_cfg ({LANES_PER_PE {1'b0}}),  .result (mac_result_w[((15 * LANES_PER_PE) * DATA_W)+:(LANES_PER_PE * DATA_W)]),  .done (mac_done_w[15]));"
  The following 8-bit expression is connected to 7-bit port "depth_cfg" of 
  module "pe_mac_unit", instance "gen_pe_mac[15].u_mac".
  Expression: {LANES_PER_PE {1'b0}}
  	use +lint=PCWM for more details


Warning-[PCWM-W] Port connection width mismatch
rtl/transformer/speculative_decode_treecontrol_top.sv, 297
"StrictTreeMaskPaperPath u_stmp( .clk (clk),  .rst_n (rst_n),  .req_valid (bridge_req_valid),  .req_ready (bridge_req_ready),  .req_id (bridge_req_id),  .src_prefix_slot_valid (bridge_prefix_slot_valid),  .src_prefix_node_id (bridge_prefix_node_id),  .src_prefix_token_id (bridge_prefix_token_id),  .src_prefix_position_id (bridge_prefix_position_id),  .src_committed_len (bridge_committed_len),  .src_frontier_level_valid (bridge_frontier_level_valid),  .src_frontier_slot_valid (bridge_frontier_slot_valid),  .src_frontier_node_id (bridge_frontier_node_id),  .src_frontier_parent_node_id (bridge_frontier_parent_node_id),  .src_frontier_token_id (bridge_frontier_token_id),  .src_frontier_referenced_token_id (bridge_frontier_referenced_token_id),  .src_frontier ... "
  The following 51-bit expression is connected to 3-bit port 
  "paper_issue_bundle_level_id" of module "StrictTreeMaskPaperPath", instance 
  "u_stmp".
  Expression: paper_issue_bundle_level_id
  	use +lint=PCWM for more details


Warning-[SIOB] Select index out of bounds
rtl/tree_control/PeArrayLayerController.v, 1109
"slot_mac_out_r[0][(1021 * DATA_W)+:DATA_W]"
  The select index is out of declared bounds : [4095:0].
  In module instance : u_layer_ctrl u_layer_ctrl 
  In module : PeArrayLayerController.

Starting vcs inline pass...
26 modules and 0 UDP read.
recompiling module tree_to_native_bridge
recompiling module tree_flatten
recompiling module tree_builder
recompiling module speculative_decode_e2e_top
recompiling module tb_speculative_decode_treecontrol
5 of 26 modules done
	However, due to incremental compilation, only 5 modules need to be compiled. 
rm -f _csrc*.so pre_vcsobj_*.so share_vcsobj_*.so
if [ -x ../simv_tc ]; then chmod -x ../simv_tc; fi
g++  -o ../simv_tc    -Wl,-rpath-link=./ -Wl,-rpath='$ORIGIN'/simv_tc.daidir/ -Wl,-rpath=./simv_tc.daidir/ -Wl,-rpath='$ORIGIN'/simv_tc.daidir//scsim.db.dir  -rdynamic  -Wl,-rpath=/home/synopsys/vcs/O-2018.09-SP2/linux64/lib -L/home/synopsys/vcs/O-2018.09-SP2/linux64/lib   objs/amcQw_d.o   _89584_archive_1.so _prev_archive_1.so  SIM_l.o       rmapats_mop.o rmapats.o rmar.o rmar_nd.o  rmar_llvm_0_1.o rmar_llvm_0_0.o          -lzerosoft_rt_stubs -lvirsim -lerrorinf -lsnpsmalloc -lvfs    -lvcsnew -lsimprofile -luclinative /home/synopsys/vcs/O-2018.09-SP2/linux64/lib/vcs_tls.o   -Wl,-whole-archive -lvcsucli -Wl,-no-whole-archive        _vcs_pli_stub_.o   /home/synopsys/vcs/O-2018.09-SP2/linux64/lib/vcs_save_restore_new.o /home/synopsys/verdi/Verdi_O-2018.09-SP2/share/PLI/VCS/LINUX64/pli.a -ldl  -lc -lm -lpthread -ldl 
../simv_tc up to date
CPU time: 2.030 seconds to compile + .474 seconds to elab + .251 seconds to link
