                         Chronologic VCS (TM)
       Version O-2018.09-SP2_Full64 -- Sat Apr 18 14:52:41 2026
               Copyright (c) 1991-2018 by Synopsys Inc.
                         ALL RIGHTS RESERVED

This program is proprietary and confidential information of Synopsys Inc.
and may be used and disclosed only as authorized in a license agreement
controlling such use and disclosure.


Warning-[LCA_FEATURES_ENABLED] Usage warning
  LCA features enabled by '-lca' argument on the command line.  For more 
  information regarding list of LCA features please refer to Chapter "LCA 
  features" in the VCS/VCS-MX Release Notes

Parsing design file 'code/bank_state_table.v'
Parsing included file '/home/ICer/first/code/config/prediction_params.vh'.
Back to file 'code/bank_state_table.v'.
Parsing included file '/home/ICer/first/code/config/interface_params.vh'.
Back to file 'code/bank_state_table.v'.
Parsing included file '/home/ICer/first/code/config/memory_params.vh'.
Back to file 'code/bank_state_table.v'.
Parsing design file 'code/token_register.v'
Parsing design file 'code/tb_commit_flush_lifecycle.v'
Top Level Modules:
       tb_commit_flush_lifecycle
TimeScale is 1 ns / 1 ps
Starting vcs inline pass...

1 module and 0 UDP read.
recompiling module tb_commit_flush_lifecycle
rm -f _csrc*.so pre_vcsobj_*.so share_vcsobj_*.so
ln: failed to create symbolic link '_15197_archive_1.so': Operation not supported
make[1]: *** [filelist.cu:9: _15197_archive_1.so] Error 1
make: *** [Makefile:103: product_clean_order] Error 2
Make exited with status 2
CPU time: 1.412 seconds to compile + .344 seconds to elab + .154 seconds to link
Verdi KDB elaboration done and the database successfully generated: 0 error(s), 0 warning(s)
