                         Chronologic VCS (TM)
       Version O-2018.09-SP2_Full64 -- Fri Apr 24 13:50:04 2026
               Copyright (c) 1991-2018 by Synopsys Inc.
                         ALL RIGHTS RESERVED

This program is proprietary and confidential information of Synopsys Inc.
and may be used and disclosed only as authorized in a license agreement
controlling such use and disclosure.


Warning-[LCA_FEATURES_ENABLED] Usage warning
  LCA features enabled by '-lca' argument on the command line.  For more 
  information regarding list of LCA features please refer to Chapter "LCA 
  features" in the VCS/VCS-MX Release Notes

Parsing design file '/home/ICer/first/code/comparator.v'
Parsing included file '/home/ICer/first/code/config/prediction_params.vh'.
Back to file '/home/ICer/first/code/comparator.v'.
Parsing included file '/home/ICer/first/code/config/interface_params.vh'.
Back to file '/home/ICer/first/code/comparator.v'.
Parsing design file '/home/ICer/first/code/agu.v'
Parsing included file '/home/ICer/first/code/config/memory_params.vh'.
Back to file '/home/ICer/first/code/agu.v'.
Parsing design file '/home/ICer/first/code/prefetch_queue.v'
Parsing design file '/home/ICer/first/code/free_list.v'
Parsing design file '/home/ICer/first/code/bank_state_table.v'
Parsing design file '/home/ICer/first/code/tb/tb_comparator_bank_state_table_flush.v'
Top Level Modules:
       tb_comparator_bank_state_table_flush
TimeScale is 1 ns / 1 ps
Starting vcs inline pass...

1 module and 0 UDP read.
recompiling module tb_comparator_bank_state_table_flush
rm -f _csrc*.so pre_vcsobj_*.so share_vcsobj_*.so
if [ -x /tmp/codex_vcs_work/run_025_vcs_comparator_bank_state_table_flush/tb_comparator_bank_state_table_flush/tb_comparator_bank_state_table_flush.simv ]; then chmod -x /tmp/codex_vcs_work/run_025_vcs_comparator_bank_state_table_flush/tb_comparator_bank_state_table_flush/tb_comparator_bank_state_table_flush.simv; fi
g++  -o /tmp/codex_vcs_work/run_025_vcs_comparator_bank_state_table_flush/tb_comparator_bank_state_table_flush/tb_comparator_bank_state_table_flush.simv    -Wl,-rpath-link=./ -Wl,-rpath='$ORIGIN'/tb_comparator_bank_state_table_flush.simv.daidir/ -Wl,-rpath=./tb_comparator_bank_state_table_flush.simv.daidir/ -Wl,-rpath='$ORIGIN'/tb_comparator_bank_state_table_flush.simv.daidir//scsim.db.dir  -rdynamic  -Wl,-rpath=/home/synopsys/vcs/O-2018.09-SP2/linux64/lib -L/home/synopsys/vcs/O-2018.09-SP2/linux64/lib   objs/amcQw_d.o   _67939_archive_1.so  SIM_l.o       rmapats_mop.o rmapats.o rmar.o rmar_nd.o  rmar_llvm_0_1.o rmar_llvm_0_0.o          -lzerosoft_rt_stubs -lvirsim -lerrorinf -lsnpsmalloc -lvfs    -lvcsnew -lsimprofile -luclinative /home/synopsys/vcs/O-2018.09-SP2/linux64/lib/vcs_tls.o   -Wl,-whole-archive -lvcsucli -Wl,-no-whole-archive          /home/synopsys/vcs/O-2018.09-SP2/linux64/lib/vcs_save_restore_new.o -ldl  -lc -lm -lpthread -ldl 
/tmp/codex_vcs_work/run_025_vcs_comparator_bank_state_table_flush/tb_comparator_bank_state_table_flush/tb_comparator_bank_state_table_flush.simv up to date
CPU time: 1.304 seconds to compile + .210 seconds to elab + .210 seconds to link
Verdi KDB elaboration done and the database successfully generated: 0 error(s), 0 warning(s)
