                         Chronologic VCS (TM)
       Version O-2018.09-SP2_Full64 -- Sun Apr 19 22:52:20 2026
               Copyright (c) 1991-2018 by Synopsys Inc.
                         ALL RIGHTS RESERVED

This program is proprietary and confidential information of Synopsys Inc.
and may be used and disclosed only as authorized in a license agreement
controlling such use and disclosure.


Warning-[LCA_FEATURES_ENABLED] Usage warning
  LCA features enabled by '-lca' argument on the command line.  For more 
  information regarding list of LCA features please refer to Chapter "LCA 
  features" in the VCS/VCS-MX Release Notes

Parsing design file '/home/ICer/first/code/free_list.v'
Parsing included file '/home/ICer/first/code/config/prediction_params.vh'.
Back to file '/home/ICer/first/code/free_list.v'.
Parsing included file '/home/ICer/first/code/config/interface_params.vh'.
Back to file '/home/ICer/first/code/free_list.v'.
Parsing included file '/home/ICer/first/code/config/memory_params.vh'.
Back to file '/home/ICer/first/code/free_list.v'.
Parsing design file '/home/ICer/first/code/bank_state_table.v'
Parsing design file '/home/ICer/first/code/token_register.v'
Parsing design file '/home/ICer/first/code/tb/tb_commit_flush_lifecycle.v'
Top Level Modules:
       tb_commit_flush_lifecycle
TimeScale is 1 ns / 1 ps
Starting vcs inline pass...

1 module and 0 UDP read.
recompiling module tb_commit_flush_lifecycle
rm -f _csrc*.so pre_vcsobj_*.so share_vcsobj_*.so
if [ -x /tmp/codex_vcs_work/run_008_vcs_tree_analyze_agu_frontend/tb_commit_flush_lifecycle/tb_commit_flush_lifecycle.simv ]; then chmod -x /tmp/codex_vcs_work/run_008_vcs_tree_analyze_agu_frontend/tb_commit_flush_lifecycle/tb_commit_flush_lifecycle.simv; fi
g++  -o /tmp/codex_vcs_work/run_008_vcs_tree_analyze_agu_frontend/tb_commit_flush_lifecycle/tb_commit_flush_lifecycle.simv    -Wl,-rpath-link=./ -Wl,-rpath='$ORIGIN'/tb_commit_flush_lifecycle.simv.daidir/ -Wl,-rpath=./tb_commit_flush_lifecycle.simv.daidir/ -Wl,-rpath='$ORIGIN'/tb_commit_flush_lifecycle.simv.daidir//scsim.db.dir  -rdynamic  -Wl,-rpath=/home/synopsys/vcs/O-2018.09-SP2/linux64/lib -L/home/synopsys/vcs/O-2018.09-SP2/linux64/lib   objs/amcQw_d.o   _47530_archive_1.so  SIM_l.o       rmapats_mop.o rmapats.o rmar.o rmar_nd.o  rmar_llvm_0_1.o rmar_llvm_0_0.o          -lzerosoft_rt_stubs -lvirsim -lerrorinf -lsnpsmalloc -lvfs    -lvcsnew -lsimprofile -luclinative /home/synopsys/vcs/O-2018.09-SP2/linux64/lib/vcs_tls.o   -Wl,-whole-archive -lvcsucli -Wl,-no-whole-archive          /home/synopsys/vcs/O-2018.09-SP2/linux64/lib/vcs_save_restore_new.o -ldl  -lc -lm -lpthread -ldl 
/tmp/codex_vcs_work/run_008_vcs_tree_analyze_agu_frontend/tb_commit_flush_lifecycle/tb_commit_flush_lifecycle.simv up to date
CPU time: .452 seconds to compile + .225 seconds to elab + .226 seconds to link
Verdi KDB elaboration done and the database successfully generated: 0 error(s), 0 warning(s)
